fatal: unable to access 'https://github.com/hdb5151/glib_sample.git/': gnutls_handshake() failed: The TLS connection was non-properly terminated.

git config --global  --unset https.https://github.com.proxy 
git config --global  --unset http.https://github.com.proxy 
 